[15:42:40] 🚀 INFO     main            🚀 Grok-Pilot initializing...
[15:42:40] 🚀 INFO     main            🤖 Connecting to xAI Grok...
[15:42:40] 🚀 INFO     grok            Grok client initialized (model: grok-4-1-fast-non-reasoning)
[15:42:40] ✅ SUCCESS  main            ✅ Grok client ready (model: grok-4-1-fast-non-reasoning)
[15:42:40] 🚀 INFO     main            🛸 Initializing drone (mock)...
[15:42:40] 🚀 INFO     drone           Using MockDrone (simulation mode)
[15:42:40] 🚀 INFO     drone           Connecting to drone...
[15:42:40] 🚀 INFO     mock_drone      📡 [MOCK] Connecting to drone...
[15:42:41] ✅ SUCCESS  mock_drone      ✅ [MOCK] Connected!
[15:42:41] ✅ SUCCESS  drone           Connected! Battery: 100%
[15:42:41] ✅ SUCCESS  main            ✅ Drone connected! Battery: 100%
[15:42:41] 🚀 INFO     main            🔧 Registering tools...
[15:42:41] ✅ SUCCESS  main            ✅ Registered 15 tools
[15:42:41] 🚀 INFO     main            🌐 Creating Flask server...
[15:42:41] 🚀 INFO     server          Flask app created successfully
[15:42:41] ✅ SUCCESS  main            ✅ Flask app ready

======================================================================
  🚁 GROK-PILOT: Voice-Controlled Drone System
======================================================================
  Mode:         MOCK (Testing)
  Server:       http://0.0.0.0:5001
  Video:        Disabled
  Log Level:    INFO
======================================================================

  🎯 Endpoints:
     POST /command        - Execute text command
     GET  /status         - Get system status
     POST /status/abort   - Emergency stop
     POST /voice/webhook  - Twilio webhook
     GET  /video/stream   - MJPEG video stream
======================================================================

  💡 Quick Start:
     curl -X POST http://localhost:5001/command \
       -H 'Content-Type: application/json' \
       -d '{{"text": "take off and look around"}}'

  Press Ctrl+C to stop

[15:42:41] 🚀 INFO     main            Starting server on 0.0.0.0:5001
 * Serving Flask app 'server.app'
 * Debug mode: off
[15:42:55] 🚀 INFO     routes.commands Command received: take off
[15:42:56] 🚀 INFO     routes.commands Executing tool: takeoff
[15:42:56] 🚀 INFO     tools           Executing tool: takeoff
[15:42:56] 🚀 INFO     drone           Taking off...
[15:42:56] 🚀 INFO     mock_drone      🛫 [MOCK] Taking off...
[15:42:57] ✅ SUCCESS  mock_drone      ✅ [MOCK] Airborne!
[15:42:57] ✅ SUCCESS  drone           Airborne!
[15:42:57] ✅ SUCCESS  tools           Tool 'takeoff' executed successfully
